../Core/Src/dht11.c:49:6:DHT11_Init	8	static
../Core/Src/dht11.c:64:13:DHT11_Set_Pin_Output	24	static
../Core/Src/dht11.c:79:13:DHT11_Set_Pin_Input	24	static
../Core/Src/dht11.c:93:13:DHT11_Start_Signal	8	static
../Core/Src/dht11.c:107:16:DHT11_Check_Response	16	static
../Core/Src/dht11.c:149:16:DHT11_Read_Bit	16	static
../Core/Src/dht11.c:188:16:DHT11_Read_Byte	16	static
../Core/Src/dht11.c:208:9:DHT11_Read_Data	32	static
../Core/Src/dht11.c:261:7:DHT11_Get_Temperature	4	static
../Core/Src/dht11.c:270:7:DHT11_Get_Humidity	4	static
../Core/Src/dht11.c:279:9:DHT11_Is_Data_Valid	4	static
../Core/Src/dht11.c:290:6:DHT11_Delay_us	24	static
