../Core/Src/main.c:103:6:Motor_Control_Logic	8	static
../Core/Src/main.c:134:6:Update_Motor_Status	8	static
../Core/Src/main.c:161:6:Display_Temperature_Mode	104	static
../Core/Src/main.c:237:6:Display_Distance_Mode	88	static
../Core/Src/main.c:311:5:main	16	static
../Core/Src/main.c:443:6:SystemClock_Config	72	static
../Core/Src/main.c:483:13:MX_TIM2_Init	64	static
../Core/Src/main.c:542:13:MX_I2C1_Init	8	static
../Core/Src/main.c:576:13:MX_GPIO_Init	24	static
../Core/Src/main.c:600:6:Error_Handler	4	static,ignoring_inline_asm
